FAIL tests/stat.test.js
  StatProcessor Tests
    Hero Stat Calculation
      × Should calculate base stats correctly (9 ms)
      × Should apply Job Multipliers (PERCENT_ADD) (5 ms)
      × Should combine Base + (Base * PercentMod) + FlatMod (4 ms)
      × Should handle negative modifiers (2 ms)
    Monster Stat Calculation
      × Should calculate monster base stats correctly (5 ms)
      × Should apply monster traits (2 ms)

  ● StatProcessor Tests › Hero Stat Calculation › Should calculate base stats correctly

    TypeError: StatProcessor.calculateHeroStats(...).getAllValues is not a function

    [0m [90m 16 |[39m             }[33m;[39m
     [90m 17 |[39m
    [31m[1m>[22m[39m[90m 18 |[39m             [36mconst[39m stats [33m=[39m [33mStatProcessor[39m[33m.[39mcalculateHeroStats(heroData)[33m.[39mgetAllValues()[33m;[39m
     [90m    |[39m                                                                      [31m[1m^[22m[39m
     [90m 19 |[39m
     [90m 20 |[39m             expect(stats[33m.[39mhealth_max)[33m.[39mtoBe([35m100[39m)[33m;[39m
     [90m 21 |[39m             expect(stats[33m.[39mattack_damage)[33m.[39mtoBe([35m10[39m)[33m;[39m[0m

      at Object.getAllValues (tests/stat.test.js:18:70)

  ● StatProcessor Tests › Hero Stat Calculation › Should apply Job Multipliers (PERCENT_ADD)

    TypeError: StatProcessor.calculateHeroStats(...).getAllValues is not a function

    [0m [90m 34 |[39m             }[33m;[39m
     [90m 35 |[39m
    [31m[1m>[22m[39m[90m 36 |[39m             [36mconst[39m stats [33m=[39m [33mStatProcessor[39m[33m.[39mcalculateHeroStats(heroData)[33m.[39mgetAllValues()[33m;[39m
     [90m    |[39m                                                                      [31m[1m^[22m[39m
     [90m 37 |[39m
     [90m 38 |[39m             [90m// 100 * (1 + 0.5) = 150[39m
     [90m 39 |[39m             expect(stats[33m.[39mhealth_max)[33m.[39mtoBe([35m150[39m)[33m;[39m[0m

      at Object.getAllValues (tests/stat.test.js:36:70)

  ● StatProcessor Tests › Hero Stat Calculation › Should combine Base + (Base * PercentMod) + FlatMod

    TypeError: StatProcessor.calculateHeroStats(...).getAllValues is not a function

    [0m [90m 56 |[39m             }[33m;[39m
     [90m 57 |[39m             
    [31m[1m>[22m[39m[90m 58 |[39m             [36mconst[39m stats [33m=[39m [33mStatProcessor[39m[33m.[39mcalculateHeroStats(heroData)[33m.[39mgetAllValues()[33m;[39m
     [90m    |[39m                                                                      [31m[1m^[22m[39m
     [90m 59 |[39m
     [90m 60 |[39m             [90m// Formula in statSystem.js:[39m
     [90m 61 |[39m             [90m// value += flatSums; value *= (1 + percentAddTotal);[39m[0m

      at Object.getAllValues (tests/stat.test.js:58:70)

  ● StatProcessor Tests › Hero Stat Calculation › Should handle negative modifiers

    TypeError: StatProcessor.calculateHeroStats(...).getAllValues is not a function

    [0m [90m 72 |[39m             }[33m;[39m
     [90m 73 |[39m
    [31m[1m>[22m[39m[90m 74 |[39m             [36mconst[39m stats [33m=[39m [33mStatProcessor[39m[33m.[39mcalculateHeroStats(heroData)[33m.[39mgetAllValues()[33m;[39m
     [90m    |[39m                                                                      [31m[1m^[22m[39m
     [90m 75 |[39m
     [90m 76 |[39m             expect(stats[33m.[39mspeed)[33m.[39mtoBe([35m8[39m)[33m;[39m
     [90m 77 |[39m         })[33m;[39m[0m

      at Object.getAllValues (tests/stat.test.js:74:70)

  ● StatProcessor Tests › Monster Stat Calculation › Should calculate monster base stats correctly

    TypeError: StatProcessor.calculateMonsterStats(...).getAllValues is not a function

    [0m [90m 89 |[39m             }[33m;[39m
     [90m 90 |[39m
    [31m[1m>[22m[39m[90m 91 |[39m             [36mconst[39m stats [33m=[39m [33mStatProcessor[39m[33m.[39mcalculateMonsterStats(monsterData)[33m.[39mgetAllValues()[33m;[39m
     [90m    |[39m                                                                            [31m[1m^[22m[39m
     [90m 92 |[39m
     [90m 93 |[39m             expect(stats[33m.[39mhealth_max)[33m.[39mtoBe([35m50[39m)[33m;[39m
     [90m 94 |[39m             expect(stats[33m.[39mattack_damage)[33m.[39mtoBe([35m5[39m)[33m;[39m[0m

      at Object.getAllValues (tests/stat.test.js:91:76)

  ● StatProcessor Tests › Monster Stat Calculation › Should apply monster traits

    TypeError: StatProcessor.calculateMonsterStats(...).getAllValues is not a function

    [0m [90m 115 |[39m             }[33m;[39m
     [90m 116 |[39m
    [31m[1m>[22m[39m[90m 117 |[39m             [36mconst[39m stats [33m=[39m [33mStatProcessor[39m[33m.[39mcalculateMonsterStats(monsterData)[33m.[39mgetAllValues()[33m;[39m
     [90m     |[39m                                                                            [31m[1m^[22m[39m
     [90m 118 |[39m
     [90m 119 |[39m             expect(stats[33m.[39mdefense)[33m.[39mtoBe([35m10[39m)[33m;[39m [90m// 0 base + 10 flat[39m
     [90m 120 |[39m             expect(stats[33m.[39mhealth_max)[33m.[39mtoBe([35m240[39m)[33m;[39m [90m// 200 * 1.2[39m[0m

      at Object.getAllValues (tests/stat.test.js:117:76)

Test Suites: 1 failed, 1 total
Tests:       6 failed, 6 total
Snapshots:   0 total
Time:        1.713 s, estimated 2 s
Ran all test suites matching server/tests/stat.test.js.
